sample size: 2000

=== Freelance Photography / Videography: 15/2000 = 0.8% ===
     17  'media'
      5  'photography'

=== AMP Smart: 333/2000 = 16.7% ===
    315  'sales'
     44  'clearly'
     35  'proposals'
     31  'customer-facing'
     26  'different'
     19  'regional'
     14  'AMP Smart'
     12  'targeted'
     11  'in-person'
     11  'outreach'
      7  'communicated'
      7  'adapting'
      5  'smart'
      4  'residential'
      4  'worked'

=== UPS: 284/2000 = 14.2% ===
     78  'priorities'
     62  'established'
     62  'handling'
     51  'efficiently'
     32  'package'
     22  'moving'
     15  'changing'
     13  'high-volume'
      4  'worked'
      3  'followed'
      3  'coworkers'
      2  'coordinated'

=== National Tire and Battery / Mavis: 704/2000 = 35.2% ===
    322  'equipment'
    208  'troubleshooting'
    137  'customer service'
    123  'hands-on'
    121  'appropriate'
     62  'established'
     61  'identifying'
     55  'technical support'
     50  'corrective'
     50  'vehicle'
     27  'National Tire and Battery / Mavis'
     21  'specialized'
     17  'alignment'
     10  'relations'
      9  'performed'

=== Alex Prosperity Group / UST Logistics: 337/2000 = 16.9% ===
    123  'hands-on'
     62  'following'
     62  'established'
     44  'clearly'
     31  'customer-facing'
     22  'logistics'
     21  'home'
     13  'installation'
      9  'performed'
      7  'communicated'
      5  'lowe'
      4  'appliances'
      1  'hands-on work'

=== Waffle House: 399/2000 = 20.0% ===
    137  'customer service'
    101  'servers'
     52  'staff'
     45  'fast-paced'
     44  'clearly'
     38  'Waffle House'
     28  'taking'
     26  'provided'
     25  'items'
     24  'preparation'
     13  'high-volume'
     13  'house'
      8  'menu'
      7  'communicated'
      7  'food'

wrote scan_residual_terms_results.json
