scanning 31644 postings across 6 entries...

  [Freelance Photography / Videography] ...5000/31644 (789 hits so far)
  [Freelance Photography / Videography] ...10000/31644 (1566 hits so far)
  [Freelance Photography / Videography] ...15000/31644 (2366 hits so far)
  [Freelance Photography / Videography] ...20000/31644 (3157 hits so far)
  [Freelance Photography / Videography] ...25000/31644 (3974 hits so far)
  [Freelance Photography / Videography] ...30000/31644 (4788 hits so far)
[Freelance Photography / Videography] 5029 / 31644 jobs supported

  [AMP Smart] ...5000/31644 (2785 hits so far)
  [AMP Smart] ...10000/31644 (5540 hits so far)
  [AMP Smart] ...15000/31644 (8304 hits so far)
  [AMP Smart] ...20000/31644 (11064 hits so far)
  [AMP Smart] ...25000/31644 (13838 hits so far)
  [AMP Smart] ...30000/31644 (16667 hits so far)
[AMP Smart] 17575 / 31644 jobs supported

  [UPS] ...5000/31644 (2593 hits so far)
  [UPS] ...10000/31644 (5051 hits so far)
  [UPS] ...15000/31644 (7652 hits so far)
  [UPS] ...20000/31644 (10255 hits so far)
  [UPS] ...25000/31644 (12798 hits so far)
  [UPS] ...30000/31644 (15414 hits so far)
[UPS] 16237 / 31644 jobs supported

  [National Tire and Battery / Mavis] ...5000/31644 (2664 hits so far)
  [National Tire and Battery / Mavis] ...10000/31644 (5282 hits so far)
  [National Tire and Battery / Mavis] ...15000/31644 (7912 hits so far)
  [National Tire and Battery / Mavis] ...20000/31644 (10596 hits so far)
  [National Tire and Battery / Mavis] ...25000/31644 (13203 hits so far)
  [National Tire and Battery / Mavis] ...30000/31644 (15929 hits so far)
[National Tire and Battery / Mavis] 16806 / 31644 jobs supported

  [Alex Prosperity Group / UST Logistics] ...5000/31644 (891 hits so far)
  [Alex Prosperity Group / UST Logistics] ...10000/31644 (1855 hits so far)
  [Alex Prosperity Group / UST Logistics] ...15000/31644 (2816 hits so far)
  [Alex Prosperity Group / UST Logistics] ...20000/31644 (3859 hits so far)
  [Alex Prosperity Group / UST Logistics] ...25000/31644 (4781 hits so far)
  [Alex Prosperity Group / UST Logistics] ...30000/31644 (5736 hits so far)
[Alex Prosperity Group / UST Logistics] 6055 / 31644 jobs supported

  [Waffle House] ...5000/31644 (2828 hits so far)
  [Waffle House] ...10000/31644 (5665 hits so far)
  [Waffle House] ...15000/31644 (8590 hits so far)
  [Waffle House] ...20000/31644 (11478 hits so far)
  [Waffle House] ...25000/31644 (14358 hits so far)
  [Waffle House] ...30000/31644 (17290 hits so far)
[Waffle House] 18257 / 31644 jobs supported

wrote scan_results.json

=== SUMMARY ===
  Freelance Photography / Videography: 5029 / 31644
  AMP Smart: 17575 / 31644
  UPS: 16237 / 31644
  National Tire and Battery / Mavis: 16806 / 31644
  Alex Prosperity Group / UST Logistics: 6055 / 31644
  Waffle House: 18257 / 31644
