2026-08-26 21:53:45.996729 === ApplyPilot watchdog starting ===
2026-08-26 21:53:45.996729 Project: C:\Users\phili\Projects\resume-agent
2026-08-26 21:53:45.996729 Command: applypilot run discover --workers 1 --quiet
2026-08-26 21:53:45.996729 Log file: C:\Users\phili\Projects\resume-agent\watchdog_logs\watchdog_20260826_215345.log
2026-08-26 21:53:46.012271 ApplyPilot PID: 11448
2026-08-26 21:53:58.072653 Monitoring error: Command '['powershell.exe', '-NoProfile', '-Command', "Get-CimInstance Win32_PerfFormattedData_PerfDisk_PhysicalDisk | Where-Object { $_.Name -eq '0 C:' } | Select-Object PercentDiskTime, AvgDiskSecPerTransfer, DiskReadBytesPerSec, DiskWriteBytesPerSec | ConvertTo-Json -Compress"]' timed out after 10 seconds
2026-08-26 21:54:02.329850 Disk0 active=133.0% read=3.53 MB/s write=0.03 MB/s latency=0.0 ms
2026-08-26 21:54:05.309781 Disk0 active=156.0% read=3.75 MB/s write=0.20 MB/s latency=0.0 ms
2026-08-26 21:54:08.343684 Disk0 active=351.0% read=5.54 MB/s write=0.07 MB/s latency=0.0 ms
2026-08-26 21:54:11.506999 Disk0 active=101.0% read=6.04 MB/s write=0.28 MB/s latency=0.0 ms
2026-08-26 21:54:14.998304 Disk0 active=103.0% read=1.19 MB/s write=0.00 MB/s latency=0.0 ms
2026-08-26 21:54:18.173126 Disk0 active=163.0% read=1.52 MB/s write=0.03 MB/s latency=0.0 ms
2026-08-26 21:54:21.121406 Disk0 active=102.0% read=0.71 MB/s write=0.00 MB/s latency=0.0 ms
2026-08-26 21:54:24.079816 Disk0 active=89.0% read=0.62 MB/s write=0.33 MB/s latency=0.0 ms
2026-08-26 21:54:27.156435 Disk0 active=294.0% read=5.50 MB/s write=0.04 MB/s latency=0.0 ms
2026-08-26 21:54:30.194865 Disk0 active=302.0% read=2.93 MB/s write=0.09 MB/s latency=0.0 ms
2026-08-26 21:54:33.142451 Disk0 active=94.0% read=2.22 MB/s write=0.20 MB/s latency=0.0 ms
2026-08-26 21:54:36.127763 Disk0 active=0.0% read=0.00 MB/s write=0.00 MB/s latency=0.0 ms
2026-08-26 21:54:39.108134 Disk0 active=84.0% read=3.72 MB/s write=0.14 MB/s latency=0.0 ms
2026-08-26 21:54:42.072123 Disk0 active=108.0% read=0.63 MB/s write=0.40 MB/s latency=0.0 ms
2026-08-26 21:54:45.127455 Disk0 active=93.0% read=1.88 MB/s write=0.00 MB/s latency=0.0 ms
2026-08-26 21:54:48.147360 Disk0 active=91.0% read=0.77 MB/s write=0.00 MB/s latency=0.0 ms
2026-08-26 21:54:51.149806 Disk0 active=88.0% read=1.75 MB/s write=0.00 MB/s latency=0.0 ms
2026-08-26 21:54:54.214663 Disk0 active=98.0% read=0.74 MB/s write=0.03 MB/s latency=0.0 ms
2026-08-26 21:54:57.193933 Disk0 active=126.0% read=1.62 MB/s write=0.00 MB/s latency=0.0 ms
2026-08-26 21:55:00.173446 Disk0 active=168.0% read=0.78 MB/s write=0.03 MB/s latency=0.0 ms
2026-08-26 21:55:03.194586 Disk0 active=145.0% read=0.23 MB/s write=0.32 MB/s latency=0.0 ms
2026-08-26 21:55:06.333100 Disk0 active=105.0% read=0.87 MB/s write=0.00 MB/s latency=0.0 ms
2026-08-26 21:55:09.367218 Disk0 active=226.0% read=3.01 MB/s write=0.10 MB/s latency=0.0 ms
2026-08-26 21:55:12.362408 Disk0 active=122.0% read=2.46 MB/s write=0.00 MB/s latency=0.0 ms
2026-08-26 21:55:15.365233 Disk0 active=96.0% read=0.41 MB/s write=0.00 MB/s latency=0.0 ms
2026-08-26 21:55:18.347236 Disk0 active=80.0% read=1.34 MB/s write=0.00 MB/s latency=0.0 ms
2026-08-26 21:55:21.345902 Disk0 active=54.0% read=2.62 MB/s write=0.29 MB/s latency=0.0 ms
2026-08-26 21:55:24.412741 Disk0 active=53.0% read=4.06 MB/s write=0.50 MB/s latency=0.0 ms
2026-08-26 21:55:27.441554 Disk0 active=35.0% read=1.05 MB/s write=0.00 MB/s latency=0.0 ms
2026-08-26 21:55:30.558258 Disk0 active=78.0% read=5.98 MB/s write=0.00 MB/s latency=0.0 ms
2026-08-26 21:55:33.589086 Disk0 active=0.0% read=0.00 MB/s write=0.00 MB/s latency=0.0 ms
2026-08-26 21:55:36.574737 Disk0 active=1.0% read=0.00 MB/s write=0.31 MB/s latency=0.0 ms
2026-08-26 21:55:39.649104 Disk0 active=0.0% read=0.00 MB/s write=0.00 MB/s latency=0.0 ms
2026-08-26 21:55:42.705844 Disk0 active=4.0% read=0.00 MB/s write=0.07 MB/s latency=0.0 ms
2026-08-26 21:55:45.728987 Disk0 active=78.0% read=0.00 MB/s write=32.55 MB/s latency=0.0 ms
2026-08-26 21:55:48.758986 Disk0 active=6.0% read=0.00 MB/s write=0.30 MB/s latency=0.0 ms
2026-08-26 21:55:51.798505 Disk0 active=4.0% read=0.24 MB/s write=0.10 MB/s latency=0.0 ms
2026-08-26 21:55:54.790058 Disk0 active=0.0% read=0.00 MB/s write=0.03 MB/s latency=0.0 ms
2026-08-26 21:55:57.817903 Disk0 active=0.0% read=0.00 MB/s write=0.07 MB/s latency=0.0 ms
2026-08-26 21:56:00.838393 Disk0 active=35.0% read=0.00 MB/s write=2.23 MB/s latency=0.0 ms
2026-08-26 21:56:03.869705 Disk0 active=0.0% read=0.00 MB/s write=0.03 MB/s latency=0.0 ms
2026-08-26 21:56:06.883145 Disk0 active=0.0% read=0.00 MB/s write=0.03 MB/s latency=0.0 ms
2026-08-26 21:56:09.879169 Disk0 active=0.0% read=0.00 MB/s write=0.07 MB/s latency=0.0 ms
2026-08-26 21:56:12.849929 Disk0 active=0.0% read=0.00 MB/s write=0.00 MB/s latency=0.0 ms
2026-08-26 21:56:15.814901 Disk0 active=0.0% read=0.00 MB/s write=0.00 MB/s latency=0.0 ms
2026-08-26 21:56:18.797706 Disk0 active=0.0% read=0.00 MB/s write=0.06 MB/s latency=0.0 ms
2026-08-26 21:56:21.854308 Disk0 active=9.0% read=0.23 MB/s write=0.00 MB/s latency=0.0 ms
2026-08-26 21:56:24.898055 Disk0 active=0.0% read=0.00 MB/s write=0.00 MB/s latency=0.0 ms
2026-08-26 21:56:27.908511 Disk0 active=0.0% read=0.00 MB/s write=0.00 MB/s latency=0.0 ms
2026-08-26 21:56:30.916605 Disk0 active=0.0% read=0.00 MB/s write=0.00 MB/s latency=0.0 ms
2026-08-26 21:56:33.893884 Disk0 active=68.0% read=0.06 MB/s write=2.45 MB/s latency=0.0 ms
2026-08-26 21:56:36.911740 Disk0 active=0.0% read=0.00 MB/s write=0.00 MB/s latency=0.0 ms
2026-08-26 21:56:39.993125 Disk0 active=0.0% read=0.00 MB/s write=0.00 MB/s latency=0.0 ms
2026-08-26 21:56:42.990273 Disk0 active=0.0% read=0.00 MB/s write=0.00 MB/s latency=0.0 ms
2026-08-26 21:56:46.004339 Disk0 active=0.0% read=0.00 MB/s write=0.14 MB/s latency=0.0 ms
2026-08-26 21:56:49.022264 Disk0 active=0.0% read=0.00 MB/s write=0.31 MB/s latency=0.0 ms
2026-08-26 21:56:52.024379 Disk0 active=0.0% read=0.00 MB/s write=0.00 MB/s latency=0.0 ms
2026-08-26 21:56:55.053367 Disk0 active=0.0% read=0.00 MB/s write=0.00 MB/s latency=0.0 ms
2026-08-26 21:56:58.080826 Disk0 active=0.0% read=0.00 MB/s write=0.00 MB/s latency=0.0 ms
2026-08-26 21:57:01.105555 Disk0 active=18.0% read=0.49 MB/s write=0.02 MB/s latency=0.0 ms
2026-08-26 21:57:04.141574 Disk0 active=0.0% read=0.00 MB/s write=0.05 MB/s latency=0.0 ms
2026-08-26 21:57:07.180182 Disk0 active=0.0% read=0.00 MB/s write=0.05 MB/s latency=0.0 ms
2026-08-26 21:57:10.236465 Disk0 active=0.0% read=0.00 MB/s write=0.00 MB/s latency=0.0 ms
2026-08-26 21:57:13.272270 Disk0 active=0.0% read=0.00 MB/s write=0.00 MB/s latency=0.0 ms
2026-08-26 21:57:16.351276 Disk0 active=1.0% read=0.00 MB/s write=0.25 MB/s latency=0.0 ms
2026-08-26 21:57:19.438264 Disk0 active=0.0% read=0.00 MB/s write=0.40 MB/s latency=0.0 ms
2026-08-26 21:57:22.414645 Disk0 active=0.0% read=0.00 MB/s write=0.03 MB/s latency=0.0 ms
2026-08-26 21:57:25.401653 Disk0 active=0.0% read=0.00 MB/s write=0.03 MB/s latency=0.0 ms
2026-08-26 21:57:28.395336 Disk0 active=2.0% read=0.00 MB/s write=0.43 MB/s latency=0.0 ms
2026-08-26 21:57:31.392505 Disk0 active=0.0% read=0.00 MB/s write=0.00 MB/s latency=0.0 ms
2026-08-26 21:57:34.501365 Disk0 active=10.0% read=0.00 MB/s write=0.50 MB/s latency=0.0 ms
2026-08-26 21:57:37.503404 Disk0 active=1.0% read=0.00 MB/s write=0.07 MB/s latency=0.0 ms
2026-08-26 21:57:40.451701 Disk0 active=0.0% read=0.00 MB/s write=0.00 MB/s latency=0.0 ms
2026-08-26 21:57:43.471222 Disk0 active=0.0% read=0.00 MB/s write=0.06 MB/s latency=0.0 ms
2026-08-26 21:57:46.490731 Disk0 active=0.0% read=0.00 MB/s write=0.00 MB/s latency=0.0 ms
2026-08-26 21:57:49.466557 Disk0 active=0.0% read=0.00 MB/s write=0.00 MB/s latency=0.0 ms
2026-08-26 21:57:52.466750 Disk0 active=0.0% read=0.00 MB/s write=0.00 MB/s latency=0.0 ms
2026-08-26 21:57:55.439264 Disk0 active=0.0% read=0.00 MB/s write=0.00 MB/s latency=0.0 ms
2026-08-26 21:57:58.470385 Disk0 active=4.0% read=0.24 MB/s write=0.04 MB/s latency=0.0 ms
2026-08-26 21:58:01.527344 Disk0 active=2.0% read=0.00 MB/s write=0.38 MB/s latency=0.0 ms
2026-08-26 21:58:04.510201 Disk0 active=0.0% read=0.00 MB/s write=0.00 MB/s latency=0.0 ms
2026-08-26 21:58:07.510964 Disk0 active=0.0% read=0.00 MB/s write=0.00 MB/s latency=0.0 ms
2026-08-26 21:58:10.511189 Disk0 active=0.0% read=0.00 MB/s write=0.00 MB/s latency=0.0 ms
2026-08-26 21:58:13.550798 Disk0 active=0.0% read=0.00 MB/s write=0.03 MB/s latency=0.0 ms
2026-08-26 21:58:16.578012 Disk0 active=4.0% read=0.00 MB/s write=0.02 MB/s latency=0.0 ms
2026-08-26 21:58:19.635153 Disk0 active=0.0% read=0.00 MB/s write=0.07 MB/s latency=0.0 ms
2026-08-26 21:58:22.674884 Disk0 active=0.0% read=0.00 MB/s write=0.03 MB/s latency=0.0 ms
2026-08-26 21:58:25.698082 Disk0 active=44.0% read=0.00 MB/s write=0.84 MB/s latency=0.0 ms
2026-08-26 21:58:28.799697 Disk0 active=0.0% read=0.00 MB/s write=0.03 MB/s latency=0.0 ms
2026-08-26 21:58:31.834741 Disk0 active=0.0% read=0.00 MB/s write=0.03 MB/s latency=0.0 ms
2026-08-26 21:58:34.893958 Disk0 active=2.0% read=0.00 MB/s write=0.03 MB/s latency=0.0 ms
2026-08-26 21:58:37.863610 Disk0 active=0.0% read=0.00 MB/s write=0.10 MB/s latency=0.0 ms
2026-08-26 21:58:40.841584 Disk0 active=0.0% read=0.00 MB/s write=0.07 MB/s latency=0.0 ms
2026-08-26 21:58:43.963064 Disk0 active=0.0% read=0.00 MB/s write=0.03 MB/s latency=0.0 ms
2026-08-26 21:58:47.033900 Disk0 active=0.0% read=0.00 MB/s write=0.00 MB/s latency=0.0 ms
2026-08-26 21:58:50.101055 Disk0 active=0.0% read=0.00 MB/s write=0.00 MB/s latency=0.0 ms
2026-08-26 21:58:53.145699 Disk0 active=0.0% read=0.00 MB/s write=0.00 MB/s latency=0.0 ms
2026-08-26 21:58:56.154239 Disk0 active=0.0% read=0.00 MB/s write=0.00 MB/s latency=0.0 ms
2026-08-26 21:58:59.139929 Disk0 active=3.0% read=0.00 MB/s write=0.32 MB/s latency=0.0 ms
